<?xml version="1.0" encoding="utf-8"?>
<test-run id="2" testcasecount="41" result="Passed" total="41" passed="41" failed="0" inconclusive="0" skipped="0" asserts="0" engine-version="3.5.0.0" clr-version="4.0.30319.42000" start-time="2026-05-01 17:18:23Z" end-time="2026-05-01 17:18:23Z" duration="0.0395942">
  <test-suite type="TestSuite" id="1000" name="2A+Unity-BoardGame" fullname="2A+Unity-BoardGame" runstate="Runnable" testcasecount="41" result="Passed" start-time="2026-05-01 17:18:23Z" end-time="2026-05-01 17:18:23Z" duration="0.039594" total="41" passed="41" failed="0" inconclusive="0" skipped="0" asserts="0">
    <properties>
      <property name="platform" value="EditMode" />
    </properties>
    <test-suite type="Assembly" id="1047" name="ChungToi.Core.Tests.dll" fullname="/Users/tjgorton/Developer/60_College/68/C47/2A+Unity-BoardGame/Library/ScriptAssemblies/ChungToi.Core.Tests.dll" runstate="Runnable" testcasecount="41" result="Passed" start-time="2026-05-01 17:18:23Z" end-time="2026-05-01 17:18:23Z" duration="0.035539" total="41" passed="41" failed="0" inconclusive="0" skipped="0" asserts="0">
      <properties>
        <property name="_PID" value="9902" />
        <property name="_APPDOMAIN" value="Unity Child Domain" />
        <property name="platform" value="EditMode" />
        <property name="EditorOnly" value="True" />
      </properties>
      <test-suite type="TestSuite" id="1048" name="ChungToi" fullname="ChungToi" runstate="Runnable" testcasecount="41" result="Passed" start-time="2026-05-01 17:18:23Z" end-time="2026-05-01 17:18:23Z" duration="0.035105" total="41" passed="41" failed="0" inconclusive="0" skipped="0" asserts="0">
        <properties />
        <test-suite type="TestSuite" id="1049" name="Core" fullname="ChungToi.Core" runstate="Runnable" testcasecount="41" result="Passed" start-time="2026-05-01 17:18:23Z" end-time="2026-05-01 17:18:23Z" duration="0.034818" total="41" passed="41" failed="0" inconclusive="0" skipped="0" asserts="0">
          <properties />
          <test-suite type="TestSuite" id="1050" name="Tests" fullname="ChungToi.Core.Tests" runstate="Runnable" testcasecount="41" result="Passed" start-time="2026-05-01 17:18:23Z" end-time="2026-05-01 17:18:23Z" duration="0.034508" total="41" passed="41" failed="0" inconclusive="0" skipped="0" asserts="0">
            <properties />
            <test-suite type="TestFixture" id="1001" name="BoardTests" fullname="ChungToi.Core.Tests.BoardTests" classname="ChungToi.Core.Tests.BoardTests" runstate="Runnable" testcasecount="9" result="Passed" start-time="2026-05-01 17:18:23Z" end-time="2026-05-01 17:18:23Z" duration="0.018202" total="9" passed="9" failed="0" inconclusive="0" skipped="0" asserts="0">
              <properties />
              <test-case id="1010" name="BoardSizeExtensions_PiecesPerPlayer" fullname="ChungToi.Core.Tests.BoardTests.BoardSizeExtensions_PiecesPerPlayer" methodname="BoardSizeExtensions_PiecesPerPlayer" classname="ChungToi.Core.Tests.BoardTests" runstate="Runnable" seed="953457066" result="Passed" start-time="2026-05-01 17:18:23Z" end-time="2026-05-01 17:18:23Z" duration="0.007759" asserts="0">
                <properties>
                  <property name="retryIteration" value="0" />
                  <property name="repeatIteration" value="0" />
                </properties>
              </test-case>
              <test-case id="1005" name="Clone_IsIndependent" fullname="ChungToi.Core.Tests.BoardTests.Clone_IsIndependent" methodname="Clone_IsIndependent" classname="ChungToi.Core.Tests.BoardTests" runstate="Runnable" seed="590310556" result="Passed" start-time="2026-05-01 17:18:23Z" end-time="2026-05-01 17:18:23Z" duration="0.000708" asserts="0">
                <properties>
                  <property name="retryIteration" value="0" />
                  <property name="repeatIteration" value="0" />
                </properties>
              </test-case>
              <test-case id="1009" name="Coord_InBounds" fullname="ChungToi.Core.Tests.BoardTests.Coord_InBounds" methodname="Coord_InBounds" classname="ChungToi.Core.Tests.BoardTests" runstate="Runnable" seed="184673015" result="Passed" start-time="2026-05-01 17:18:23Z" end-time="2026-05-01 17:18:23Z" duration="0.000303" asserts="0">
                <properties>
                  <property name="retryIteration" value="0" />
                  <property name="repeatIteration" value="0" />
                </properties>
              </test-case>
              <test-case id="1008" name="CountOwned_Works" fullname="ChungToi.Core.Tests.BoardTests.CountOwned_Works" methodname="CountOwned_Works" classname="ChungToi.Core.Tests.BoardTests" runstate="Runnable" seed="990667383" result="Passed" start-time="2026-05-01 17:18:23Z" end-time="2026-05-01 17:18:23Z" duration="0.000150" asserts="0">
                <properties>
                  <property name="retryIteration" value="0" />
                  <property name="repeatIteration" value="0" />
                </properties>
              </test-case>
              <test-case id="1007" name="DifferentSizes_AreNotEqual" fullname="ChungToi.Core.Tests.BoardTests.DifferentSizes_AreNotEqual" methodname="DifferentSizes_AreNotEqual" classname="ChungToi.Core.Tests.BoardTests" runstate="Runnable" seed="210973128" result="Passed" start-time="2026-05-01 17:18:23Z" end-time="2026-05-01 17:18:23Z" duration="0.001021" asserts="0">
                <properties>
                  <property name="retryIteration" value="0" />
                  <property name="repeatIteration" value="0" />
                </properties>
              </test-case>
              <test-case id="1006" name="Equality_IsValueBased" fullname="ChungToi.Core.Tests.BoardTests.Equality_IsValueBased" methodname="Equality_IsValueBased" classname="ChungToi.Core.Tests.BoardTests" runstate="Runnable" seed="6319875" result="Passed" start-time="2026-05-01 17:18:23Z" end-time="2026-05-01 17:18:23Z" duration="0.000127" asserts="0">
                <properties>
                  <property name="retryIteration" value="0" />
                  <property name="repeatIteration" value="0" />
                </properties>
              </test-case>
              <test-case id="1002" name="NewBoard_IsAllEmpty_3x3" fullname="ChungToi.Core.Tests.BoardTests.NewBoard_IsAllEmpty_3x3" methodname="NewBoard_IsAllEmpty_3x3" classname="ChungToi.Core.Tests.BoardTests" runstate="Runnable" seed="1093849216" result="Passed" start-time="2026-05-01 17:18:23Z" end-time="2026-05-01 17:18:23Z" duration="0.000327" asserts="0">
                <properties>
                  <property name="retryIteration" value="0" />
                  <property name="repeatIteration" value="0" />
                </properties>
              </test-case>
              <test-case id="1003" name="NewBoard_IsAllEmpty_4x4" fullname="ChungToi.Core.Tests.BoardTests.NewBoard_IsAllEmpty_4x4" methodname="NewBoard_IsAllEmpty_4x4" classname="ChungToi.Core.Tests.BoardTests" runstate="Runnable" seed="907918132" result="Passed" start-time="2026-05-01 17:18:23Z" end-time="2026-05-01 17:18:23Z" duration="0.000098" asserts="0">
                <properties>
                  <property name="retryIteration" value="0" />
                  <property name="repeatIteration" value="0" />
                </properties>
              </test-case>
              <test-case id="1004" name="Set_Get_Roundtrip" fullname="ChungToi.Core.Tests.BoardTests.Set_Get_Roundtrip" methodname="Set_Get_Roundtrip" classname="ChungToi.Core.Tests.BoardTests" runstate="Runnable" seed="831944070" result="Passed" start-time="2026-05-01 17:18:23Z" end-time="2026-05-01 17:18:23Z" duration="0.000169" asserts="0">
                <properties>
                  <property name="retryIteration" value="0" />
                  <property name="repeatIteration" value="0" />
                </properties>
              </test-case>
            </test-suite>
            <test-suite type="TestFixture" id="1011" name="GameStateTests" fullname="ChungToi.Core.Tests.GameStateTests" classname="ChungToi.Core.Tests.GameStateTests" runstate="Runnable" testcasecount="7" result="Passed" start-time="2026-05-01 17:18:23Z" end-time="2026-05-01 17:18:23Z" duration="0.005990" total="7" passed="7" failed="0" inconclusive="0" skipped="0" asserts="0">
              <properties />
              <test-case id="1014" name="Cannot_Apply_After_GameOver" fullname="ChungToi.Core.Tests.GameStateTests.Cannot_Apply_After_GameOver" methodname="Cannot_Apply_After_GameOver" classname="ChungToi.Core.Tests.GameStateTests" runstate="Runnable" seed="284348104" result="Passed" start-time="2026-05-01 17:18:23Z" end-time="2026-05-01 17:18:23Z" duration="0.002251" asserts="0">
                <properties>
                  <property name="retryIteration" value="0" />
                  <property name="repeatIteration" value="0" />
                </properties>
              </test-case>
              <test-case id="1012" name="Clone_IsIndependent" fullname="ChungToi.Core.Tests.GameStateTests.Clone_IsIndependent" methodname="Clone_IsIndependent" classname="ChungToi.Core.Tests.GameStateTests" runstate="Runnable" seed="1997506511" result="Passed" start-time="2026-05-01 17:18:23Z" end-time="2026-05-01 17:18:23Z" duration="0.000257" asserts="0">
                <properties>
                  <property name="retryIteration" value="0" />
                  <property name="repeatIteration" value="0" />
                </properties>
              </test-case>
              <test-case id="1018" name="FullScriptedGame_3x3_HumanVsHuman" fullname="ChungToi.Core.Tests.GameStateTests.FullScriptedGame_3x3_HumanVsHuman" methodname="FullScriptedGame_3x3_HumanVsHuman" classname="ChungToi.Core.Tests.GameStateTests" runstate="Runnable" seed="1850837531" result="Passed" start-time="2026-05-01 17:18:23Z" end-time="2026-05-01 17:18:23Z" duration="0.000242" asserts="0">
                <properties>
                  <property name="retryIteration" value="0" />
                  <property name="repeatIteration" value="0" />
                </properties>
              </test-case>
              <test-case id="1017" name="IsLegal_ReturnsFalse_ForBogusMove" fullname="ChungToi.Core.Tests.GameStateTests.IsLegal_ReturnsFalse_ForBogusMove" methodname="IsLegal_ReturnsFalse_ForBogusMove" classname="ChungToi.Core.Tests.GameStateTests" runstate="Runnable" seed="2137866729" result="Passed" start-time="2026-05-01 17:18:23Z" end-time="2026-05-01 17:18:23Z" duration="0.001022" asserts="0">
                <properties>
                  <property name="retryIteration" value="0" />
                  <property name="repeatIteration" value="0" />
                </properties>
              </test-case>
              <test-case id="1015" name="MovementWin_BySliding" fullname="ChungToi.Core.Tests.GameStateTests.MovementWin_BySliding" methodname="MovementWin_BySliding" classname="ChungToi.Core.Tests.GameStateTests" runstate="Runnable" seed="1436540138" result="Passed" start-time="2026-05-01 17:18:23Z" end-time="2026-05-01 17:18:23Z" duration="0.000450" asserts="0">
                <properties>
                  <property name="retryIteration" value="0" />
                  <property name="repeatIteration" value="0" />
                </properties>
              </test-case>
              <test-case id="1013" name="PlacementWin_3x3_EndsGame" fullname="ChungToi.Core.Tests.GameStateTests.PlacementWin_3x3_EndsGame" methodname="PlacementWin_3x3_EndsGame" classname="ChungToi.Core.Tests.GameStateTests" runstate="Runnable" seed="1103488892" result="Passed" start-time="2026-05-01 17:18:23Z" end-time="2026-05-01 17:18:23Z" duration="0.000125" asserts="0">
                <properties>
                  <property name="retryIteration" value="0" />
                  <property name="repeatIteration" value="0" />
                </properties>
              </test-case>
              <test-case id="1016" name="StuckPlayer_Loses" fullname="ChungToi.Core.Tests.GameStateTests.StuckPlayer_Loses" methodname="StuckPlayer_Loses" classname="ChungToi.Core.Tests.GameStateTests" runstate="Runnable" seed="2123553411" result="Passed" start-time="2026-05-01 17:18:23Z" end-time="2026-05-01 17:18:23Z" duration="0.000433" asserts="0">
                <properties>
                  <property name="retryIteration" value="0" />
                  <property name="repeatIteration" value="0" />
                </properties>
              </test-case>
            </test-suite>
            <test-suite type="TestFixture" id="1019" name="MovementRulesTests" fullname="ChungToi.Core.Tests.MovementRulesTests" classname="ChungToi.Core.Tests.MovementRulesTests" runstate="Runnable" testcasecount="8" result="Passed" start-time="2026-05-01 17:18:23Z" end-time="2026-05-01 17:18:23Z" duration="0.005500" total="8" passed="8" failed="0" inconclusive="0" skipped="0" asserts="0">
              <properties />
              <test-case id="1024" name="CannotLandOnOccupiedSquare" fullname="ChungToi.Core.Tests.MovementRulesTests.CannotLandOnOccupiedSquare" methodname="CannotLandOnOccupiedSquare" classname="ChungToi.Core.Tests.MovementRulesTests" runstate="Runnable" seed="305684527" result="Passed" start-time="2026-05-01 17:18:23Z" end-time="2026-05-01 17:18:23Z" duration="0.001691" asserts="0">
                <properties>
                  <property name="retryIteration" value="0" />
                  <property name="repeatIteration" value="0" />
                </properties>
              </test-case>
              <test-case id="1021" name="CardinalPiece_SlidesOnlyOrthogonally" fullname="ChungToi.Core.Tests.MovementRulesTests.CardinalPiece_SlidesOnlyOrthogonally" methodname="CardinalPiece_SlidesOnlyOrthogonally" classname="ChungToi.Core.Tests.MovementRulesTests" runstate="Runnable" seed="1782290045" result="Passed" start-time="2026-05-01 17:18:23Z" end-time="2026-05-01 17:18:23Z" duration="0.001371" asserts="0">
                <properties>
                  <property name="retryIteration" value="0" />
                  <property name="repeatIteration" value="0" />
                </properties>
              </test-case>
              <test-case id="1022" name="DiagonalPiece_SlidesOnlyDiagonally" fullname="ChungToi.Core.Tests.MovementRulesTests.DiagonalPiece_SlidesOnlyDiagonally" methodname="DiagonalPiece_SlidesOnlyDiagonally" classname="ChungToi.Core.Tests.MovementRulesTests" runstate="Runnable" seed="1231031476" result="Passed" start-time="2026-05-01 17:18:23Z" end-time="2026-05-01 17:18:23Z" duration="0.000317" asserts="0">
                <properties>
                  <property name="retryIteration" value="0" />
                  <property name="repeatIteration" value="0" />
                </properties>
              </test-case>
              <test-case id="1020" name="RotateInPlace_IsAlwaysLegal" fullname="ChungToi.Core.Tests.MovementRulesTests.RotateInPlace_IsAlwaysLegal" methodname="RotateInPlace_IsAlwaysLegal" classname="ChungToi.Core.Tests.MovementRulesTests" runstate="Runnable" seed="1872684271" result="Passed" start-time="2026-05-01 17:18:23Z" end-time="2026-05-01 17:18:23Z" duration="0.000420" asserts="0">
                <properties>
                  <property name="retryIteration" value="0" />
                  <property name="repeatIteration" value="0" />
                </properties>
              </test-case>
              <test-case id="1026" name="RotateMove_OnApply_TogglesOrientation_AndSwitchesTurn" fullname="ChungToi.Core.Tests.MovementRulesTests.RotateMove_OnApply_TogglesOrientation_AndSwitchesTurn" methodname="RotateMove_OnApply_TogglesOrientation_AndSwitchesTurn" classname="ChungToi.Core.Tests.MovementRulesTests" runstate="Runnable" seed="1573796769" result="Passed" start-time="2026-05-01 17:18:23Z" end-time="2026-05-01 17:18:23Z" duration="0.000146" asserts="0">
                <properties>
                  <property name="retryIteration" value="0" />
                  <property name="repeatIteration" value="0" />
                </properties>
              </test-case>
              <test-case id="1023" name="Slide_BlockedByIntermediatePieces" fullname="ChungToi.Core.Tests.MovementRulesTests.Slide_BlockedByIntermediatePieces" methodname="Slide_BlockedByIntermediatePieces" classname="ChungToi.Core.Tests.MovementRulesTests" runstate="Runnable" seed="1996694814" result="Passed" start-time="2026-05-01 17:18:23Z" end-time="2026-05-01 17:18:23Z" duration="0.000223" asserts="0">
                <properties>
                  <property name="retryIteration" value="0" />
                  <property name="repeatIteration" value="0" />
                </properties>
              </test-case>
              <test-case id="1025" name="Slide_ProducesTwoMovesPerDestination_OneEachOrientation" fullname="ChungToi.Core.Tests.MovementRulesTests.Slide_ProducesTwoMovesPerDestination_OneEachOrientation" methodname="Slide_ProducesTwoMovesPerDestination_OneEachOrientation" classname="ChungToi.Core.Tests.MovementRulesTests" runstate="Runnable" seed="1680368185" result="Passed" start-time="2026-05-01 17:18:23Z" end-time="2026-05-01 17:18:23Z" duration="0.000307" asserts="0">
                <properties>
                  <property name="retryIteration" value="0" />
                  <property name="repeatIteration" value="0" />
                </properties>
              </test-case>
              <test-case id="1027" name="SlideMove_OnApply_MovesPiece" fullname="ChungToi.Core.Tests.MovementRulesTests.SlideMove_OnApply_MovesPiece" methodname="SlideMove_OnApply_MovesPiece" classname="ChungToi.Core.Tests.MovementRulesTests" runstate="Runnable" seed="543044038" result="Passed" start-time="2026-05-01 17:18:23Z" end-time="2026-05-01 17:18:23Z" duration="0.000151" asserts="0">
                <properties>
                  <property name="retryIteration" value="0" />
                  <property name="repeatIteration" value="0" />
                </properties>
              </test-case>
            </test-suite>
            <test-suite type="TestFixture" id="1028" name="PlacementRulesTests" fullname="ChungToi.Core.Tests.PlacementRulesTests" classname="ChungToi.Core.Tests.PlacementRulesTests" runstate="Runnable" testcasecount="7" result="Passed" start-time="2026-05-01 17:18:23Z" end-time="2026-05-01 17:18:23Z" duration="0.001502" total="7" passed="7" failed="0" inconclusive="0" skipped="0" asserts="0">
              <properties />
              <test-case id="1031" name="AfterFirstMove3x3_CenterBecomesLegal" fullname="ChungToi.Core.Tests.PlacementRulesTests.AfterFirstMove3x3_CenterBecomesLegal" methodname="AfterFirstMove3x3_CenterBecomesLegal" classname="ChungToi.Core.Tests.PlacementRulesTests" runstate="Runnable" seed="1053746491" result="Passed" start-time="2026-05-01 17:18:23Z" end-time="2026-05-01 17:18:23Z" duration="0.000139" asserts="0">
                <properties>
                  <property name="retryIteration" value="0" />
                  <property name="repeatIteration" value="0" />
                </properties>
              </test-case>
              <test-case id="1029" name="Initial3x3_LegalMoves_ExcludeCenter" fullname="ChungToi.Core.Tests.PlacementRulesTests.Initial3x3_LegalMoves_ExcludeCenter" methodname="Initial3x3_LegalMoves_ExcludeCenter" classname="ChungToi.Core.Tests.PlacementRulesTests" runstate="Runnable" seed="441907308" result="Passed" start-time="2026-05-01 17:18:23Z" end-time="2026-05-01 17:18:23Z" duration="0.000103" asserts="0">
                <properties>
                  <property name="retryIteration" value="0" />
                  <property name="repeatIteration" value="0" />
                </properties>
              </test-case>
              <test-case id="1030" name="Initial4x4_LegalMoves_AllowAllCells" fullname="ChungToi.Core.Tests.PlacementRulesTests.Initial4x4_LegalMoves_AllowAllCells" methodname="Initial4x4_LegalMoves_AllowAllCells" classname="ChungToi.Core.Tests.PlacementRulesTests" runstate="Runnable" seed="1202602680" result="Passed" start-time="2026-05-01 17:18:23Z" end-time="2026-05-01 17:18:23Z" duration="0.000051" asserts="0">
                <properties>
                  <property name="retryIteration" value="0" />
                  <property name="repeatIteration" value="0" />
                </properties>
              </test-case>
              <test-case id="1032" name="OccupiedCellsRejected" fullname="ChungToi.Core.Tests.PlacementRulesTests.OccupiedCellsRejected" methodname="OccupiedCellsRejected" classname="ChungToi.Core.Tests.PlacementRulesTests" runstate="Runnable" seed="551452362" result="Passed" start-time="2026-05-01 17:18:23Z" end-time="2026-05-01 17:18:23Z" duration="0.000096" asserts="0">
                <properties>
                  <property name="retryIteration" value="0" />
                  <property name="repeatIteration" value="0" />
                </properties>
              </test-case>
              <test-case id="1033" name="Place_DecrementsCorrectCounter_AndSwitchesTurn" fullname="ChungToi.Core.Tests.PlacementRulesTests.Place_DecrementsCorrectCounter_AndSwitchesTurn" methodname="Place_DecrementsCorrectCounter_AndSwitchesTurn" classname="ChungToi.Core.Tests.PlacementRulesTests" runstate="Runnable" seed="1047565345" result="Passed" start-time="2026-05-01 17:18:23Z" end-time="2026-05-01 17:18:23Z" duration="0.000138" asserts="0">
                <properties>
                  <property name="retryIteration" value="0" />
                  <property name="repeatIteration" value="0" />
                </properties>
              </test-case>
              <test-case id="1034" name="TransitionToMovementPhase_AfterAllPlaced_3x3" fullname="ChungToi.Core.Tests.PlacementRulesTests.TransitionToMovementPhase_AfterAllPlaced_3x3" methodname="TransitionToMovementPhase_AfterAllPlaced_3x3" classname="ChungToi.Core.Tests.PlacementRulesTests" runstate="Runnable" seed="343048460" result="Passed" start-time="2026-05-01 17:18:23Z" end-time="2026-05-01 17:18:23Z" duration="0.000138" asserts="0">
                <properties>
                  <property name="retryIteration" value="0" />
                  <property name="repeatIteration" value="0" />
                </properties>
              </test-case>
              <test-case id="1035" name="TransitionToMovementPhase_AfterAllPlaced_4x4" fullname="ChungToi.Core.Tests.PlacementRulesTests.TransitionToMovementPhase_AfterAllPlaced_4x4" methodname="TransitionToMovementPhase_AfterAllPlaced_4x4" classname="ChungToi.Core.Tests.PlacementRulesTests" runstate="Runnable" seed="551055446" result="Passed" start-time="2026-05-01 17:18:23Z" end-time="2026-05-01 17:18:23Z" duration="0.000181" asserts="0">
                <properties>
                  <property name="retryIteration" value="0" />
                  <property name="repeatIteration" value="0" />
                </properties>
              </test-case>
            </test-suite>
            <test-suite type="TestFixture" id="1036" name="WinDetectionTests" fullname="ChungToi.Core.Tests.WinDetectionTests" classname="ChungToi.Core.Tests.WinDetectionTests" runstate="Runnable" testcasecount="10" result="Passed" start-time="2026-05-01 17:18:23Z" end-time="2026-05-01 17:18:23Z" duration="0.002189" total="10" passed="10" failed="0" inconclusive="0" skipped="0" asserts="0">
              <properties />
              <test-case id="1039" name="Col_3x3" fullname="ChungToi.Core.Tests.WinDetectionTests.Col_3x3" methodname="Col_3x3" classname="ChungToi.Core.Tests.WinDetectionTests" runstate="Runnable" seed="1055749745" result="Passed" start-time="2026-05-01 17:18:23Z" end-time="2026-05-01 17:18:23Z" duration="0.000242" asserts="0">
                <properties>
                  <property name="retryIteration" value="0" />
                  <property name="repeatIteration" value="0" />
                </properties>
              </test-case>
              <test-case id="1042" name="Col_4x4_FullLength" fullname="ChungToi.Core.Tests.WinDetectionTests.Col_4x4_FullLength" methodname="Col_4x4_FullLength" classname="ChungToi.Core.Tests.WinDetectionTests" runstate="Runnable" seed="1409356189" result="Passed" start-time="2026-05-01 17:18:23Z" end-time="2026-05-01 17:18:23Z" duration="0.000107" asserts="0">
                <properties>
                  <property name="retryIteration" value="0" />
                  <property name="repeatIteration" value="0" />
                </properties>
              </test-case>
              <test-case id="1043" name="Diagonals_4x4_FullLength" fullname="ChungToi.Core.Tests.WinDetectionTests.Diagonals_4x4_FullLength" methodname="Diagonals_4x4_FullLength" classname="ChungToi.Core.Tests.WinDetectionTests" runstate="Runnable" seed="562401005" result="Passed" start-time="2026-05-01 17:18:23Z" end-time="2026-05-01 17:18:23Z" duration="0.000180" asserts="0">
                <properties>
                  <property name="retryIteration" value="0" />
                  <property name="repeatIteration" value="0" />
                </properties>
              </test-case>
              <test-case id="1037" name="EmptyBoard_NoWinner" fullname="ChungToi.Core.Tests.WinDetectionTests.EmptyBoard_NoWinner" methodname="EmptyBoard_NoWinner" classname="ChungToi.Core.Tests.WinDetectionTests" runstate="Runnable" seed="1726196322" result="Passed" start-time="2026-05-01 17:18:23Z" end-time="2026-05-01 17:18:23Z" duration="0.000061" asserts="0">
                <properties>
                  <property name="retryIteration" value="0" />
                  <property name="repeatIteration" value="0" />
                </properties>
              </test-case>
              <test-case id="1040" name="MainDiagonals_3x3" fullname="ChungToi.Core.Tests.WinDetectionTests.MainDiagonals_3x3" methodname="MainDiagonals_3x3" classname="ChungToi.Core.Tests.WinDetectionTests" runstate="Runnable" seed="382543558" result="Passed" start-time="2026-05-01 17:18:23Z" end-time="2026-05-01 17:18:23Z" duration="0.000142" asserts="0">
                <properties>
                  <property name="retryIteration" value="0" />
                  <property name="repeatIteration" value="0" />
                </properties>
              </test-case>
              <test-case id="1044" name="MixedColorLine_NoWinner" fullname="ChungToi.Core.Tests.WinDetectionTests.MixedColorLine_NoWinner" methodname="MixedColorLine_NoWinner" classname="ChungToi.Core.Tests.WinDetectionTests" runstate="Runnable" seed="1851757651" result="Passed" start-time="2026-05-01 17:18:23Z" end-time="2026-05-01 17:18:23Z" duration="0.000103" asserts="0">
                <properties>
                  <property name="retryIteration" value="0" />
                  <property name="repeatIteration" value="0" />
                </properties>
              </test-case>
              <test-case id="1046" name="OffDiagonal_4x4_DoesNotCount" fullname="ChungToi.Core.Tests.WinDetectionTests.OffDiagonal_4x4_DoesNotCount" methodname="OffDiagonal_4x4_DoesNotCount" classname="ChungToi.Core.Tests.WinDetectionTests" runstate="Runnable" seed="241776228" result="Passed" start-time="2026-05-01 17:18:23Z" end-time="2026-05-01 17:18:23Z" duration="0.000078" asserts="0">
                <properties>
                  <property name="retryIteration" value="0" />
                  <property name="repeatIteration" value="0" />
                </properties>
              </test-case>
              <test-case id="1045" name="OrientationDoesNotAffectWin" fullname="ChungToi.Core.Tests.WinDetectionTests.OrientationDoesNotAffectWin" methodname="OrientationDoesNotAffectWin" classname="ChungToi.Core.Tests.WinDetectionTests" runstate="Runnable" seed="177962922" result="Passed" start-time="2026-05-01 17:18:23Z" end-time="2026-05-01 17:18:23Z" duration="0.000092" asserts="0">
                <properties>
                  <property name="retryIteration" value="0" />
                  <property name="repeatIteration" value="0" />
                </properties>
              </test-case>
              <test-case id="1038" name="Row_3x3_AllPlayers" fullname="ChungToi.Core.Tests.WinDetectionTests.Row_3x3_AllPlayers" methodname="Row_3x3_AllPlayers" classname="ChungToi.Core.Tests.WinDetectionTests" runstate="Runnable" seed="1520393622" result="Passed" start-time="2026-05-01 17:18:23Z" end-time="2026-05-01 17:18:23Z" duration="0.000137" asserts="0">
                <properties>
                  <property name="retryIteration" value="0" />
                  <property name="repeatIteration" value="0" />
                </properties>
              </test-case>
              <test-case id="1041" name="Row_4x4_RequiresFullLength" fullname="ChungToi.Core.Tests.WinDetectionTests.Row_4x4_RequiresFullLength" methodname="Row_4x4_RequiresFullLength" classname="ChungToi.Core.Tests.WinDetectionTests" runstate="Runnable" seed="31300298" result="Passed" start-time="2026-05-01 17:18:23Z" end-time="2026-05-01 17:18:23Z" duration="0.000158" asserts="0">
                <properties>
                  <property name="retryIteration" value="0" />
                  <property name="repeatIteration" value="0" />
                </properties>
                <output><![CDATA[Saving results to: /Users/tjgorton/Library/Application Support/DefaultCompany/2A+Unity-BoardGame/TestResults.xml
]]></output>
              </test-case>
            </test-suite>
          </test-suite>
        </test-suite>
      </test-suite>
    </test-suite>
  </test-suite>
</test-run>